HOW TO INSTALL PYMC3
1. Save and load a Python environment among the same OS, using Anaconda/Miniconda
2. Install on MacOS
3. Install on BU SCC

References:
1. https://embeddedartistry.com/blog/2017/02/24/installing-llvm-clang-on-osx/
2. https://github.com/pymc-devs/pymc3
3. https://discourse.pymc.io/t/error-when-importing-pymc3-3-9-3/5823
4. https://github.com/arviz-devs/arviz/issues/1387

--------------------------------------------------------------------------------
Save Python environment variable using conda
Date: September 28, 2020

Save the environment to a YAML file
1. Activate the environment
$ conda activate my_env
2. Save environment to file
$ conda env export > my_env.yaml

Load the YAML file to create an environment
1. Run the command,
$ conda env create -n newnew -f=my_env.yaml

--------------------------------------------------------------------------------
MACOS v10.15.6
Date: September 21, 2020

Configure MacOS
1. Install Command Line Tools (without Xcode)
$ xcode-select --install
2. Set up clang and OpenMP. If you use Homebrew, run the commands
$ brew install llvm libomp
$ brew install pkg-config
Then add the following line to ~/.bash_profile:
export PATH=/usr/local/opt/llvm/bin:$PATH
export LDFLAGS="-L/usr/local/opt/libffi/lib -L/usr/local/opt/llvm/lib"
export CPPFLAGS="-I/usr/local/opt/libffi/include -I/usr/local/opt/llvm/include"
3. Install and set up either Anaconda or Miniconda: https://www.anaconda.com

Install pyMC3 on Python environment:
1. Create a Python environmnet for pyMC3, and activate it.
$ conda create -n pm3 python=3.6
$ conda activate pm3
2. Pull pyMC3 from GitHub, and install dependencies:
$ git clone https://github.com/pymc-devs/pymc3
$ cd pymc3
$ pip install -r requirements-dev.txt
$ conda install mkl-service arviz pandas>=0.25
$ python setup.py install
3. Deactivate environment
$ conda deactivate

Set up Jupyter Notebook with environment variable, named pm3
1. Activate environmnetment variable
$ conda activate pm3
2. Install the following packages
$ conda install notebook
$ conda install nb_conda_kernels ipykernel
$ python -m ipykernel install --user --name pm3 --display-name "pm3"

--------------------------------------------------------------------------------
BU SCC: Linux CentOS 7.5
Date: September 27, 2020
Description: This approach uses the environment pm3.yaml saved in during the
steps for the MacOS installation.

Install Miniconda
1. Load gcc
$ module load gcc
2. Download and install Miniconda
$ wget https://repo.anaconda.com/miniconda/Miniconda3-latest-Linux-x86_64.sh
$ bash Miniconda3-latest-Linux-x86_64.sh
Answer 'yes' to accept the liscense terms
Specify your installation to be:
/restricted/projectnb/camplab/home/<your_buid>/miniconda3
Answer 'yes' to having installer to initialize Miniconda3 by running conda init.
$ rm Miniconda3-latest-Linux-x86_64.sh
3. Configuring Anaconda for the SCC. In your home directory create the file
~/.condarc and add the following,
envs_dirs:
    - /restricted/projectnb/camplab/home/<your_buid>/.conda/envs
    - ~/.conda/envs
pkgs_dirs:
    - /restricted/projectnb/camplab/home/<your_buid>/.conda/pkgs
    - ~/.conda/pkgs
env_prompt: ({name})
4. Reload ~/.bash_profile
$ source ~/.bash_profile

Install pyMC3
1. Create a Python environmnet for pyMC3, and activate it.
$ conda create -n pm3 python=3.6
$ conda activate pm3
2. Pull pyMC3 from GitHub, and install dependencies:
$ git clone https://github.com/pymc-devs/pymc3
$ cd pymc3
$ pip install -r requirements.txt
$ conda install -c conda-forge mkl-service pandas>=0.25
$ pip install xarray==0.16.0 -U
$ pip install git+https://github.com/arviz-devs/arviz
$ python setup.py install
3. Deactivate environment
$ conda deactivate
